Microchip MPLAB XC8 Compiler V1.34 ()

Linker command line:

--edf=C:\Program Files (x86)\Microchip\xc8\v1.34\dat\en_msgs.txt -cs \
  -h+dist/default/production\Mech2Assign1.X.production.sym \
  --cmf=dist/default/production\Mech2Assign1.X.production.cmf -z -Q16F877A \
  -oC:\Users\12050302\AppData\Local\Temp\s4nk.6 \
  -Mdist/default/production/Mech2Assign1.X.production.map -E1 -ver=XC8 \
  -ASTACK=0110h-016fh -pstack=STACK -ACODE=00h-07FFhx4 -ASTRCODE=00h-01FFFh \
  -ASTRING=00h-0FFhx32 -ACONST=00h-0FFhx32 -AENTRY=00h-0FFhx32 \
  -ACOMMON=070h-07Fh -ABANK0=020h-06Fh -ABANK1=0A0h-0EFh \
  -ABANK2=0110h-016Fh -ABANK3=0190h-01EFh \
  -ARAM=020h-06Fh,0A0h-0EFh,0110h-016Fh,0190h-01EFh \
  -AABS1=020h-07Fh,0A0h-0EFh,0110h-016Fh,0190h-01EFh -ASFR0=00h-01Fh \
  -ASFR1=080h-09Fh -ASFR2=0100h-010Fh -ASFR3=0180h-018Fh \
  -preset_vec=00h,intentry=04h,init,end_init -ppowerup=CODE -pcinit=CODE \
  -pfunctab=CODE -ACONFIG=02007h-02007h -pconfig=CONFIG -DCONFIG=2 \
  -AIDLOC=02000h-02003h -pidloc=IDLOC -DIDLOC=2 -AEEDATA=00h-0FFh/02100h \
  -peeprom_data=EEDATA -DEEDATA=2 -DCODE=2 -DSTRCODE=2 -DSTRING=2 -DCONST=2 \
  -DENTRY=2 -k C:\Users\12050302\AppData\Local\Temp\s4nk.obj \
  dist/default/production\Mech2Assign1.X.production.obj 

Object code version is 3.11

Machine type is 16F877A



                Name                               Link     Load   Length Selector   Space Scale
C:\Users\12050302\AppData\Local\Temp\s4nk.obj
                end_init                             12       12        3        8       0
                reset_vec                             0        0        3        0       0
                config                             2007     2007        1     400E       0
dist/default/production\Mech2Assign1.X.production.obj
                cinit                                15       15        F        8       0
                intentry                              4        4        E        8       0
                text27                              E1B      E1B       32     1C36       0
                text26                              CF2      CF2       14     19E4       0
                text25                              D06      D06       14     1A0C       0
                text24                              D59      D59       18     1AB2       0
                text23                              D71      D71       18     1AE2       0
                text22                              ECC      ECC       48     1D98       0
                text21                              D1A      D1A       14     1A34       0
                text20                              7EF      7EF        9        8       0
                text19                              CDF      CDF       13     19BE       0
                text18                              20A      20A      1A2        8       0
                text17                              640      640       A6        8       0
                text16                              6E6      6E6       9B        8       0
                text15                              E87      E87       45     1D0E       0
                text14                              781      781       6E        8       0
                text13                              3AC      3AC      109        8       0
                text12                              588      588       B8        8       0
                text11                              4B5      4B5       D3        8       0
                text10                              F72      F72       8E     1EE4       0
                text9                               D89      D89       18     1B12       0
                text8                               DD1      DD1       23     1BA2       0
                text7                               E4D      E4D       3A     1C9A       0
                text6                                24       24      1E6        8       0
                text5                               F14      F14       5E     1E28       0
                text4                               DA1      DA1       18     1B42       0
                text3                               D43      D43       16     1A86       0
                text2                               DB9      DB9       18     1B72       0
                text1                               DF4      DF4       27     1BE8       0
                maintext                            D2E      D2E       15     1A5C       0
                cstackBANK0                          20       20       50       20       1
                cstackCOMMON                         70       70        A       70       1
                cstackBANK1                          B2       B2        A       A0       1
                clrtext                             7F8      7F8        8        8       0
                bssBANK1                             A0       A0       12       A0       1
                bssCOMMON                            7C       7C        2       70       1
                bitbssCOMMON                        3D0       7A        9       70       1     8

TOTAL           Name                               Link     Load   Length     Space
        CLASS   STACK          

        CLASS   CODE           
                end_init                             12       12        3         0
                cinit                                15       15        F         0
                intentry                              4        4        E         0
                reset_vec                             0        0        3         0
                text27                              E1B      E1B       32         0
                text26                              CF2      CF2       14         0
                text25                              D06      D06       14         0
                text24                              D59      D59       18         0
                text23                              D71      D71       18         0
                text22                              ECC      ECC       48         0
                text21                              D1A      D1A       14         0
                text20                              7EF      7EF        9         0
                text19                              CDF      CDF       13         0
                text18                              20A      20A      1A2         0
                text17                              640      640       A6         0
                text16                              6E6      6E6       9B         0
                text15                              E87      E87       45         0
                text14                              781      781       6E         0
                text13                              3AC      3AC      109         0
                text12                              588      588       B8         0
                text11                              4B5      4B5       D3         0
                text10                              F72      F72       8E         0
                text9                               D89      D89       18         0
                text8                               DD1      DD1       23         0
                text7                               E4D      E4D       3A         0
                text6                                24       24      1E6         0
                text5                               F14      F14       5E         0
                text4                               DA1      DA1       18         0
                text3                               D43      D43       16         0
                text2                               DB9      DB9       18         0
                text1                               DF4      DF4       27         0
                maintext                            D2E      D2E       15         0
                clrtext                             7F8      7F8        8         0

        CLASS   STRCODE        

        CLASS   STRING         

        CLASS   CONST          

        CLASS   ENTRY          

        CLASS   COMMON         
                cstackCOMMON                         70       70        A         1
                bssCOMMON                            7C       7C        2         1
                bitbssCOMMON                        3D0       7A        9         1

        CLASS   BANK0          
                cstackBANK0                          20       20       50         1

        CLASS   BANK1          
                cstackBANK1                          B2       B2        A         1
                bssBANK1                             A0       A0       12         1

        CLASS   BANK2          

        CLASS   BANK3          

        CLASS   RAM            

        CLASS   ABS1           
                abs_s1                               7E       7E        2         1

        CLASS   SFR0           

        CLASS   SFR1           

        CLASS   SFR2           

        CLASS   SFR3           

        CLASS   CONFIG         
                config                             2007     2007        1         0

        CLASS   IDLOC          

        CLASS   EEDATA         



SEGMENTS        Name                           Load    Length   Top    Selector   Space  Class     Delta

                reset_vec                      000000  000003  000003         0       0  CODE        2
                intentry                       000004  0007FC  000800         8       0  CODE        2
                cstackBANK0                    000020  000050  000070        20       1  BANK0       1
                cstackCOMMON                   000070  00000E  00007E        70       1  COMMON      1
                bssBANK1                       0000A0  00001C  0000BC        A0       1  BANK1       1
                text19                         000CDF  000013  000CF2      19BE       0  CODE        2
                text26                         000CF2  000014  000D06      19E4       0  CODE        2
                text25                         000D06  000014  000D1A      1A0C       0  CODE        2
                text21                         000D1A  000014  000D2E      1A34       0  CODE        2
                maintext                       000D2E  000015  000D43      1A5C       0  CODE        2
                text3                          000D43  000016  000D59      1A86       0  CODE        2
                text24                         000D59  000018  000D71      1AB2       0  CODE        2
                text23                         000D71  000018  000D89      1AE2       0  CODE        2
                text9                          000D89  000018  000DA1      1B12       0  CODE        2
                text4                          000DA1  000018  000DB9      1B42       0  CODE        2
                text2                          000DB9  000018  000DD1      1B72       0  CODE        2
                text8                          000DD1  000023  000DF4      1BA2       0  CODE        2
                text1                          000DF4  000027  000E1B      1BE8       0  CODE        2
                text27                         000E1B  000032  000E4D      1C36       0  CODE        2
                text7                          000E4D  00003A  000E87      1C9A       0  CODE        2
                text15                         000E87  000045  000ECC      1D0E       0  CODE        2
                text22                         000ECC  000048  000F14      1D98       0  CODE        2
                text5                          000F14  00005E  000F72      1E28       0  CODE        2
                text10                         000F72  00008E  001000      1EE4       0  CODE        2
                config                         002007  000001  002008      400E       0  CONFIG      2


UNUSED ADDRESS RANGES

        Name                Unused          Largest block    Delta
        BANK1            00BC-00EF             34           1
        BANK2            0110-016F             60           1
        BANK3            0190-01EF             60           1
        CODE             0003-0003              1           2
                         0800-0CDE            4DF
                         1000-1FFF            800
        CONST            0003-0003              1           2
                         0800-0CDE            100
                         1000-1FFF            100
        EEDATA           2100-21FF            100           2
        ENTRY            0003-0003              1           2
                         0800-0CDE            100
                         1000-1FFF            100
        IDLOC            2000-2003              4           2
        RAM              00BC-00EF             34           1
                         0110-016F             60
                         0190-01EF             60
        SFR0             0000-001F             20           1
        SFR1             0080-009F             20           1
        SFR2             0100-010F             10           1
        SFR3             0180-018F             10           1
        STACK            0110-016F             60           1
        STRCODE          0003-0003              1           2
                         0800-0CDE            4DF
                         1000-1FFF           1000
        STRING           0003-0003              1           2
                         0800-0CDE            100
                         1000-1FFF            100

                                  Symbol Table

?___ftadd                     cstackBANK0  002C
?___ftdiv                     cstackBANK0  0049
?___ftmul                     cstackBANK0  0039
?___ftpack                    cstackBANK0  0020
?___fttol                     cstackBANK0  0059
?___lwmod                     cstackCOMMON 0070
?___lwtoft                    cstackBANK0  0028
?___wmul                      cstackBANK0  0020
?_getADC                      cstackBANK0  0020
?_getADCmm                    cstackBANK0  0067
_ADCON0                       (abs)        001F
_ADCON1                       (abs)        009F
_ADRESH                       (abs)        001E
_ADRESL                       (abs)        009E
_GIE                          (abs)        005F
_GO                           (abs)        00FA
_OPTION_REG                   (abs)        0081
_PORTA                        (abs)        0005
_PORTC                        (abs)        0007
_PORTD                        (abs)        0008
_PORTE                        (abs)        0009
_RB0                          (abs)        0030
_RB1                          (abs)        0031
_RB2                          (abs)        0032
_RB3                          (abs)        0033
_RB4                          (abs)        0034
_RB6                          (abs)        0036
_RE0                          (abs)        0048
_RE1                          (abs)        0049
_RE2                          (abs)        004A
_TMR0                         (abs)        0001
_TMR0IE                       (abs)        005D
_TMR0IF                       (abs)        005A
_TRISA                        (abs)        0085
_TRISB                        (abs)        0086
_TRISC                        (abs)        0087
_TRISD                        (abs)        0088
_TRISE                        (abs)        0089
__CFG_BOREN$OFF               (abs)        0000
__CFG_CP$OFF                  (abs)        0000
__CFG_CPD$OFF                 (abs)        0000
__CFG_FOSC$HS                 (abs)        0000
__CFG_LVP$OFF                 (abs)        0000
__CFG_PWRTE$OFF               (abs)        0000
__CFG_WDTE$OFF                (abs)        0000
__CFG_WRT$OFF                 (abs)        0000
__Habs1                       abs1         0000
__Hbank0                      bank0        0000
__Hbank1                      bank1        0000
__Hbank2                      bank2        0000
__Hbank3                      bank3        0000
__HbitbssCOMMON               bitbssCOMMON 0000
__HbssBANK1                   bssBANK1     0000
__HbssCOMMON                  bssCOMMON    0000
__Hcinit                      cinit        0024
__Hclrtext                    clrtext      0000
__Hcode                       code         0000
__Hcommon                     common       0000
__Hconfig                     config       2008
__HcstackBANK0                cstackBANK0  0000
__HcstackBANK1                cstackBANK1  0000
__HcstackCOMMON               cstackCOMMON 0000
__Heeprom_data                eeprom_data  0000
__Hend_init                   end_init     0015
__Hfunctab                    functab      0000
__Hidloc                      idloc        0000
__Hinit                       init         0012
__Hintentry                   intentry     0012
__Hmaintext                   maintext     0000
__Hpowerup                    powerup      0000
__Hram                        ram          0000
__Hreset_vec                  reset_vec    0003
__Hsfr0                       sfr0         0000
__Hsfr1                       sfr1         0000
__Hsfr2                       sfr2         0000
__Hsfr3                       sfr3         0000
__Hspace_0                    (abs)        2008
__Hspace_1                    (abs)        03D9
__Hspace_2                    (abs)        0000
__Hspace_3                    (abs)        0000
__Hstack                      stack        0000
__Hstrings                    strings      0000
__Htext                       text         0000
__Labs1                       abs1         0000
__Lbank0                      bank0        0000
__Lbank1                      bank1        0000
__Lbank2                      bank2        0000
__Lbank3                      bank3        0000
__LbitbssCOMMON               bitbssCOMMON 0000
__LbssBANK1                   bssBANK1     0000
__LbssCOMMON                  bssCOMMON    0000
__Lcinit                      cinit        0015
__Lclrtext                    clrtext      0000
__Lcode                       code         0000
__Lcommon                     common       0000
__Lconfig                     config       2007
__LcstackBANK0                cstackBANK0  0000
__LcstackBANK1                cstackBANK1  0000
__LcstackCOMMON               cstackCOMMON 0000
__Leeprom_data                eeprom_data  0000
__Lend_init                   end_init     0012
__Lfunctab                    functab      0000
__Lidloc                      idloc        0000
__Linit                       init         0012
__Lintentry                   intentry     0004
__Lmaintext                   maintext     0000
__Lpowerup                    powerup      0000
__Lram                        ram          0000
__Lreset_vec                  reset_vec    0000
__Lsfr0                       sfr0         0000
__Lsfr1                       sfr1         0000
__Lsfr2                       sfr2         0000
__Lsfr3                       sfr3         0000
__Lspace_0                    (abs)        0000
__Lspace_1                    (abs)        0000
__Lspace_2                    (abs)        0000
__Lspace_3                    (abs)        0000
__Lstack                      stack        0000
__Lstrings                    strings      0000
__Ltext                       text         0000
__S0                          (abs)        2008
__S1                          (abs)        00BC
__S2                          (abs)        0000
__S3                          (abs)        0000
___ftadd                      text13       03AC
___ftadd@exp1                 cstackBANK0  0038
___ftadd@exp2                 cstackBANK0  0037
___ftadd@f1                   cstackBANK0  002C
___ftadd@f2                   cstackBANK0  002F
___ftadd@sign                 cstackBANK0  0036
___ftdiv                      text12       0588
___ftdiv@cntr                 cstackBANK0  0053
___ftdiv@exp                  cstackBANK0  0057
___ftdiv@f1                   cstackBANK0  004C
___ftdiv@f2                   cstackBANK0  0049
___ftdiv@f3                   cstackBANK0  0054
___ftdiv@sign                 cstackBANK0  0058
___ftmul                      text11       04B5
___ftmul@cntr                 cstackBANK0  0047
___ftmul@exp                  cstackBANK0  0043
___ftmul@f1                   cstackBANK0  0039
___ftmul@f2                   cstackBANK0  003C
___ftmul@f3_as_product        cstackBANK0  0044
___ftmul@sign                 cstackBANK0  0048
___ftpack                     text14       0781
___ftpack@arg                 cstackBANK0  0020
___ftpack@exp                 cstackBANK0  0023
___ftpack@sign                cstackBANK0  0024
___fttol                      text10       0F72
___fttol@exp1                 cstackBANK0  0066
___fttol@f1                   cstackBANK0  0059
___fttol@lval                 cstackBANK0  0062
___fttol@sign1                cstackBANK0  0061
___int_sp                     stack        0000
___latbits                    (abs)        0002
___lwmod                      text27       0E1B
___lwmod@counter              cstackCOMMON 0075
___lwmod@dividend             cstackCOMMON 0072
___lwmod@divisor              cstackCOMMON 0070
___lwtoft                     text9        0D89
___lwtoft@c                   cstackBANK0  0028
___sp                         stack        0000
___wmul                       text8        0DD1
___wmul@multiplicand          cstackBANK0  0022
___wmul@multiplier            cstackBANK0  0020
___wmul@product               cstackBANK0  0024
__end_of___ftadd              text13       04B5
__end_of___ftdiv              text12       0640
__end_of___ftmul              text11       0588
__end_of___ftpack             text14       07EF
__end_of___fttol              text10       1000
__end_of___lwmod              text27       0E4D
__end_of___lwtoft             text9        0DA1
__end_of___wmul               text8        0DF4
__end_of__initialization      cinit        0020
__end_of_buttListener         text15       0ECC
__end_of_ccwMovStepMotor      text17       06E6
__end_of_cwMovStepMotor       text16       0781
__end_of_getADC               text7        0E87
__end_of_getADCmm             text6        020A
__end_of_idle                 text5        0F72
__end_of_init                 text2        0DD1
__end_of_initStepMotor        text4        0DB9
__end_of_isr                  text22       0F14
__end_of_lcdSetCursor         text20       07F8
__end_of_lcdWrite4DigitBcd    text18       03AC
__end_of_lcdWriteControl      text21       0D2E
__end_of_lcd_WriteData        text19       0CF2
__end_of_main                 maintext     0D43
__end_of_pressbutton1         text26       0D06
__end_of_pressbutton2         text25       0D1A
__end_of_pressbutton3         text24       0D71
__end_of_pressbutton5         text23       0D89
__end_of_setupADC             text3        0D59
__end_of_setupLCD             text1        0E1B
__initialization              cinit        0015
__pbitbssCOMMON               bitbssCOMMON 03D0
__pbssBANK1                   bssBANK1     00A0
__pbssCOMMON                  bssCOMMON    007C
__pcstackBANK0                cstackBANK0  0020
__pcstackBANK1                cstackBANK1  00B2
__pcstackCOMMON               cstackCOMMON 0070
__pintentry                   intentry     0004
__pmaintext                   maintext     0D2E
__ptext0                      text0        0000
__ptext1                      text1        0DF4
__ptext10                     text10       0F72
__ptext11                     text11       04B5
__ptext12                     text12       0588
__ptext13                     text13       03AC
__ptext14                     text14       0781
__ptext15                     text15       0E87
__ptext16                     text16       06E6
__ptext17                     text17       0640
__ptext18                     text18       020A
__ptext19                     text19       0CDF
__ptext2                      text2        0DB9
__ptext20                     text20       07EF
__ptext21                     text21       0D1A
__ptext22                     text22       0ECC
__ptext23                     text23       0D71
__ptext24                     text24       0D59
__ptext25                     text25       0D06
__ptext26                     text26       0CF2
__ptext27                     text27       0E1B
__ptext3                      text3        0D43
__ptext4                      text4        0DA1
__ptext5                      text5        0F14
__ptext6                      text6        0024
__ptext7                      text7        0E4D
__ptext8                      text8        0DD1
__ptext9                      text9        0D89
__size_of___ftadd             (abs)        0000
__size_of___ftdiv             (abs)        0000
__size_of___ftmul             (abs)        0000
__size_of___ftpack            (abs)        0000
__size_of___fttol             (abs)        0000
__size_of___lwmod             (abs)        0000
__size_of___lwtoft            (abs)        0000
__size_of___wmul              (abs)        0000
__size_of_buttListener        (abs)        0000
__size_of_ccwMovStepMotor     (abs)        0000
__size_of_cwMovStepMotor      (abs)        0000
__size_of_getADC              (abs)        0000
__size_of_getADCmm            (abs)        0000
__size_of_idle                (abs)        0000
__size_of_init                (abs)        0000
__size_of_initStepMotor       (abs)        0000
__size_of_isr                 (abs)        0000
__size_of_lcdSetCursor        (abs)        0000
__size_of_lcdWrite4DigitBcd   (abs)        0000
__size_of_lcdWriteControl     (abs)        0000
__size_of_lcd_WriteData       (abs)        0000
__size_of_main                (abs)        0000
__size_of_pressbutton1        (abs)        0000
__size_of_pressbutton2        (abs)        0000
__size_of_pressbutton3        (abs)        0000
__size_of_pressbutton5        (abs)        0000
__size_of_setupADC            (abs)        0000
__size_of_setupLCD            (abs)        0000
_buttListener                 text15       0E87
_ccwMovStepMotor              text17       0640
_cwMovStepMotor               text16       06E6
_getADC                       text7        0E4D
_getADCmm                     text6        0024
_hundredthDigi                bssBANK1     00A0
_idle                         text5        0F14
_init                         text2        0DB9
_initStepMotor                text4        0DA1
_isr                          text22       0ECC
_j                            bssBANK1     00A2
_lcdSetCursor                 text20       07EF
_lcdWrite4DigitBcd            text18       020A
_lcdWriteControl              text21       0D1A
_lcd_WriteData                text19       0CDF
_main                         maintext     0D2E
_onesDigi                     bssBANK1     00A4
_pb1DebounceCount             bssCOMMON    007C
_pb1Pressed                   bitbssCOMMON 03D0
_pb1Released                  bitbssCOMMON 03D1
_pb2DebounceCount             bssCOMMON    007D
_pb2Pressed                   bitbssCOMMON 03D2
_pb2Released                  bitbssCOMMON 03D3
_pb3DebounceCount             bssBANK1     00B0
_pb3Pressed                   bitbssCOMMON 03D4
_pb3Released                  bitbssCOMMON 03D5
_pb5DebounceCount             bssBANK1     00B1
_pb5Pressed                   bitbssCOMMON 03D6
_pb5Released                  bitbssCOMMON 03D7
_pressbutton1                 text26       0CF2
_pressbutton2                 text25       0D06
_pressbutton3                 text24       0D59
_pressbutton5                 text23       0D71
_rtcCounter                   bssBANK1     00A6
_rtcFlag500MS                 bitbssCOMMON 03D8
_setupADC                     text3        0D43
_setupLCD                     text1        0DF4
_stepPos                      bssBANK1     00A8
_stepState                    bssBANK1     00AA
_tensDigi                     bssBANK1     00AC
_thousandthDigi               bssBANK1     00AE
btemp                         (abs)        007E
ccwMovStepMotor@i             cstackBANK1  00BA
ccwMovStepMotor@numberOfSteps cstackBANK1  00B6
clear_ram0                    clrtext      07F8
cwMovStepMotor@i              cstackBANK1  00BA
cwMovStepMotor@numberOfSteps  cstackBANK1  00B6
end_of_initialization         cinit        0020
getADC@adcRAW                 cstackBANK0  0025
getADCmm@adcRAWs              cstackBANK0  006B
getADCmm@adcReal              cstackBANK0  0069
interrupt_function            intentry     0004
intlevel0                     functab      0000
intlevel1                     functab      0000
intlevel2                     functab      0000
intlevel3                     functab      0000
intlevel4                     functab      0000
intlevel5                     functab      0000
lcdSetCursor@address          cstackBANK0  0023
lcdWrite4DigitBcd@decimal     cstackBANK0  006D
lcdWrite4DigitBcd@newdecimal  cstackBANK1  00B4
lcdWrite4DigitBcd@sign        cstackBANK0  006F
lcdWriteControl@databyte      cstackBANK0  0022
lcd_WriteData@databyte        cstackBANK0  0022
ltemp                         (abs)        007E
ltemp0                        (abs)        007E
ltemp1                        (abs)        0082
ltemp2                        (abs)        0086
ltemp3                        (abs)        0080
reset_vec                     reset_vec    0000
saved_w                       (abs)        007E
stackhi                       (abs)        0000
stacklo                       (abs)        0000
start                         init         0012
start_initialization          cinit        0015
ttemp                         (abs)        007E
ttemp0                        (abs)        007E
ttemp1                        (abs)        0081
ttemp2                        (abs)        0084
ttemp3                        (abs)        0087
ttemp4                        (abs)        007F
wtemp                         (abs)        007E
wtemp0                        (abs)        007E
wtemp1                        (abs)        0080
wtemp2                        (abs)        0082
wtemp3                        (abs)        0084
wtemp4                        (abs)        0086
wtemp5                        (abs)        0088
wtemp6                        (abs)        007F


FUNCTION INFORMATION:

 *************** function _main *****************
 Defined at:
		line 12 in file "Main.c"
 Parameters:    Size  Location     Type
		None
 Auto vars:     Size  Location     Type
		None
 Return value:  Size  Location     Type
		None               void
 Registers used:
		wreg, status,2, status,0, btemp+1, pclath, cstack
 Tracked objects:
		On entry : 
		On exit  : 
		Unchanged: 
 Data sizes:     COMMON   BANK0   BANK1   BANK3   BANK2
      Params:         0       0       0       0       0
      Locals:         0       0       0       0       0
      Temps:          0       0       0       0       0
      Totals:         0       0       0       0       0
Total ram usage:        0 bytes
 Hardware stack levels required when called:    7
 This function calls:
		_buttListener
		_idle
		_init
		_setupLCD
 This function is called by:
		Startup code after reset
 This function uses a non-reentrant model


 *************** function _setupLCD *****************
 Defined at:
		line 125 in file "lcd.c"
 Parameters:    Size  Location     Type
		None
 Auto vars:     Size  Location     Type
		None
 Return value:  Size  Location     Type
		None               void
 Registers used:
		wreg, status,2, status,0, pclath, cstack
 Tracked objects:
		On entry : 
		On exit  : 
		Unchanged: 
 Data sizes:     COMMON   BANK0   BANK1   BANK3   BANK2
      Params:         0       0       0       0       0
      Locals:         0       0       0       0       0
      Temps:          0       0       0       0       0
      Totals:         0       0       0       0       0
Total ram usage:        0 bytes
 Hardware stack levels used:    1
 Hardware stack levels required when called:    3
 This function calls:
		_lcdWriteControl
 This function is called by:
		_main
 This function uses a non-reentrant model


 *************** function _init *****************
 Defined at:
		line 13 in file "init.c"
 Parameters:    Size  Location     Type
		None
 Auto vars:     Size  Location     Type
		None
 Return value:  Size  Location     Type
		None               void
 Registers used:
		wreg, status,2, status,0, btemp+1, pclath, cstack
 Tracked objects:
		On entry : 
		On exit  : 
		Unchanged: 
 Data sizes:     COMMON   BANK0   BANK1   BANK3   BANK2
      Params:         0       0       0       0       0
      Locals:         0       0       0       0       0
      Temps:          0       0       0       0       0
      Totals:         0       0       0       0       0
Total ram usage:        0 bytes
 Hardware stack levels used:    1
 Hardware stack levels required when called:    6
 This function calls:
		_initStepMotor
		_setupADC
 This function is called by:
		_main
 This function uses a non-reentrant model


 *************** function _setupADC *****************
 Defined at:
		line 13 in file "adc.c"
 Parameters:    Size  Location     Type
		None
 Auto vars:     Size  Location     Type
		None
 Return value:  Size  Location     Type
		None               void
 Registers used:
		wreg, status,2
 Tracked objects:
		On entry : 
		On exit  : 
		Unchanged: 
 Data sizes:     COMMON   BANK0   BANK1   BANK3   BANK2
      Params:         0       0       0       0       0
      Locals:         0       0       0       0       0
      Temps:          0       1       0       0       0
      Totals:         0       1       0       0       0
Total ram usage:        1 bytes
 Hardware stack levels used:    1
 Hardware stack levels required when called:    2
 This function calls:
		Nothing
 This function is called by:
		_init
 This function uses a non-reentrant model


 *************** function _initStepMotor *****************
 Defined at:
		line 103 in file "Stepper.c"
 Parameters:    Size  Location     Type
		None
 Auto vars:     Size  Location     Type
		None
 Return value:  Size  Location     Type
		None               void
 Registers used:
		wreg, status,2, status,0, btemp+1, pclath, cstack
 Tracked objects:
		On entry : 
		On exit  : 
		Unchanged: 
 Data sizes:     COMMON   BANK0   BANK1   BANK3   BANK2
      Params:         0       0       0       0       0
      Locals:         0       0       0       0       0
      Temps:          0       0       0       0       0
      Totals:         0       0       0       0       0
Total ram usage:        0 bytes
 Hardware stack levels used:    1
 Hardware stack levels required when called:    5
 This function calls:
		_ccwMovStepMotor
		_cwMovStepMotor
 This function is called by:
		_init
 This function uses a non-reentrant model


 *************** function _idle *****************
 Defined at:
		line 15 in file "idle.c"
 Parameters:    Size  Location     Type
		None
 Auto vars:     Size  Location     Type
		None
 Return value:  Size  Location     Type
		None               void
 Registers used:
		wreg, status,2, status,0, btemp+1, pclath, cstack
 Tracked objects:
		On entry : 
		On exit  : 
		Unchanged: 
 Data sizes:     COMMON   BANK0   BANK1   BANK3   BANK2
      Params:         0       0       0       0       0
      Locals:         0       0       0       0       0
      Temps:          0       0       2       0       0
      Totals:         0       0       2       0       0
Total ram usage:        2 bytes
 Hardware stack levels used:    1
 Hardware stack levels required when called:    5
 This function calls:
		_getADC
		_getADCmm
		_lcdSetCursor
		_lcdWrite4DigitBcd
		_lcd_WriteData
 This function is called by:
		_main
 This function uses a non-reentrant model


 *************** function _getADCmm *****************
 Defined at:
		line 46 in file "adc.c"
 Parameters:    Size  Location     Type
		None
 Auto vars:     Size  Location     Type
  adcRAWs         2   75[BANK0 ] volatile unsigned int 
  adcReal         2   73[BANK0 ] volatile unsigned int 
 Return value:  Size  Location     Type
                  2   71[BANK0 ] unsigned int 
 Registers used:
		wreg, status,2, status,0, pclath, cstack
 Tracked objects:
		On entry : 
		On exit  : 
		Unchanged: 
 Data sizes:     COMMON   BANK0   BANK1   BANK3   BANK2
      Params:         0       2       0       0       0
      Locals:         0       4       0       0       0
      Temps:          0       0       0       0       0
      Totals:         0       6       0       0       0
Total ram usage:        6 bytes
 Hardware stack levels used:    1
 Hardware stack levels required when called:    4
 This function calls:
		___ftadd
		___ftdiv
		___ftmul
		___fttol
		___lwtoft
		___wmul
		_getADC
 This function is called by:
		_idle
 This function uses a non-reentrant model


 *************** function _getADC *****************
 Defined at:
		line 22 in file "adc.c"
 Parameters:    Size  Location     Type
		None
 Auto vars:     Size  Location     Type
  adcRAW          2    5[BANK0 ] volatile unsigned int 
 Return value:  Size  Location     Type
                  2    0[BANK0 ] unsigned int 
 Registers used:
		wreg, status,2, status,0
 Tracked objects:
		On entry : 
		On exit  : 
		Unchanged: 
 Data sizes:     COMMON   BANK0   BANK1   BANK3   BANK2
      Params:         0       2       0       0       0
      Locals:         0       2       0       0       0
      Temps:          0       3       0       0       0
      Totals:         0       7       0       0       0
Total ram usage:        7 bytes
 Hardware stack levels used:    1
 Hardware stack levels required when called:    2
 This function calls:
		Nothing
 This function is called by:
		_getADCmm
		_idle
 This function uses a non-reentrant model


 *************** function ___wmul *****************
 Defined at:
		line 15 in file "C:\Program Files (x86)\Microchip\xc8\v1.34\sources\common\Umul16.c"
 Parameters:    Size  Location     Type
  multiplier      2    0[BANK0 ] unsigned int 
  multiplicand    2    2[BANK0 ] unsigned int 
 Auto vars:     Size  Location     Type
  product         2    4[BANK0 ] unsigned int 
 Return value:  Size  Location     Type
                  2    0[BANK0 ] unsigned int 
 Registers used:
		wreg, status,2, status,0
 Tracked objects:
		On entry : 
		On exit  : 
		Unchanged: 
 Data sizes:     COMMON   BANK0   BANK1   BANK3   BANK2
      Params:         0       4       0       0       0
      Locals:         0       2       0       0       0
      Temps:          0       0       0       0       0
      Totals:         0       6       0       0       0
Total ram usage:        6 bytes
 Hardware stack levels used:    1
 Hardware stack levels required when called:    2
 This function calls:
		Nothing
 This function is called by:
		_getADCmm
 This function uses a non-reentrant model


 *************** function ___lwtoft *****************
 Defined at:
		line 28 in file "C:\Program Files (x86)\Microchip\xc8\v1.34\sources\common\lwtoft.c"
 Parameters:    Size  Location     Type
  c               2    8[BANK0 ] unsigned int 
 Auto vars:     Size  Location     Type
		None
 Return value:  Size  Location     Type
                  3    8[BANK0 ] float 
 Registers used:
		wreg, status,2, status,0, pclath, cstack
 Tracked objects:
		On entry : 
		On exit  : 
		Unchanged: 
 Data sizes:     COMMON   BANK0   BANK1   BANK3   BANK2
      Params:         0       3       0       0       0
      Locals:         0       0       0       0       0
      Temps:          0       1       0       0       0
      Totals:         0       4       0       0       0
Total ram usage:        4 bytes
 Hardware stack levels used:    1
 Hardware stack levels required when called:    3
 This function calls:
		___ftpack
 This function is called by:
		_getADCmm
 This function uses a non-reentrant model


 *************** function ___fttol *****************
 Defined at:
		line 44 in file "C:\Program Files (x86)\Microchip\xc8\v1.34\sources\common\fttol.c"
 Parameters:    Size  Location     Type
  f1              3   57[BANK0 ] float 
 Auto vars:     Size  Location     Type
  lval            4   66[BANK0 ] unsigned long 
  exp1            1   70[BANK0 ] unsigned char 
  sign1           1   65[BANK0 ] unsigned char 
 Return value:  Size  Location     Type
                  4   57[BANK0 ] long 
 Registers used:
		wreg, status,2, status,0
 Tracked objects:
		On entry : 
		On exit  : 
		Unchanged: 
 Data sizes:     COMMON   BANK0   BANK1   BANK3   BANK2
      Params:         0       4       0       0       0
      Locals:         0       6       0       0       0
      Temps:          0       4       0       0       0
      Totals:         0      14       0       0       0
Total ram usage:       14 bytes
 Hardware stack levels used:    1
 Hardware stack levels required when called:    2
 This function calls:
		Nothing
 This function is called by:
		_getADCmm
 This function uses a non-reentrant model


 *************** function ___ftmul *****************
 Defined at:
		line 62 in file "C:\Program Files (x86)\Microchip\xc8\v1.34\sources\common\ftmul.c"
 Parameters:    Size  Location     Type
  f1              3   25[BANK0 ] float 
  f2              3   28[BANK0 ] float 
 Auto vars:     Size  Location     Type
  f3_as_produc    3   36[BANK0 ] unsigned um
  sign            1   40[BANK0 ] unsigned char 
  cntr            1   39[BANK0 ] unsigned char 
  exp             1   35[BANK0 ] unsigned char 
 Return value:  Size  Location     Type
                  3   25[BANK0 ] float 
 Registers used:
		wreg, status,2, status,0, pclath, cstack
 Tracked objects:
		On entry : 
		On exit  : 
		Unchanged: 
 Data sizes:     COMMON   BANK0   BANK1   BANK3   BANK2
      Params:         0       6       0       0       0
      Locals:         0       6       0       0       0
      Temps:          0       4       0       0       0
      Totals:         0      16       0       0       0
Total ram usage:       16 bytes
 Hardware stack levels used:    1
 Hardware stack levels required when called:    3
 This function calls:
		___ftpack
 This function is called by:
		_getADCmm
 This function uses a non-reentrant model


 *************** function ___ftdiv *****************
 Defined at:
		line 56 in file "C:\Program Files (x86)\Microchip\xc8\v1.34\sources\common\ftdiv.c"
 Parameters:    Size  Location     Type
  f2              3   41[BANK0 ] float 
  f1              3   44[BANK0 ] float 
 Auto vars:     Size  Location     Type
  f3              3   52[BANK0 ] float 
  sign            1   56[BANK0 ] unsigned char 
  exp             1   55[BANK0 ] unsigned char 
  cntr            1   51[BANK0 ] unsigned char 
 Return value:  Size  Location     Type
                  3   41[BANK0 ] float 
 Registers used:
		wreg, status,2, status,0, pclath, cstack
 Tracked objects:
		On entry : 
		On exit  : 
		Unchanged: 
 Data sizes:     COMMON   BANK0   BANK1   BANK3   BANK2
      Params:         0       6       0       0       0
      Locals:         0       6       0       0       0
      Temps:          0       4       0       0       0
      Totals:         0      16       0       0       0
Total ram usage:       16 bytes
 Hardware stack levels used:    1
 Hardware stack levels required when called:    3
 This function calls:
		___ftpack
 This function is called by:
		_getADCmm
 This function uses a non-reentrant model


 *************** function ___ftadd *****************
 Defined at:
		line 86 in file "C:\Program Files (x86)\Microchip\xc8\v1.34\sources\common\ftadd.c"
 Parameters:    Size  Location     Type
  f1              3   12[BANK0 ] float 
  f2              3   15[BANK0 ] float 
 Auto vars:     Size  Location     Type
  exp1            1   24[BANK0 ] unsigned char 
  exp2            1   23[BANK0 ] unsigned char 
  sign            1   22[BANK0 ] unsigned char 
 Return value:  Size  Location     Type
                  3   12[BANK0 ] float 
 Registers used:
		wreg, status,2, status,0, pclath, cstack
 Tracked objects:
		On entry : 
		On exit  : 
		Unchanged: 
 Data sizes:     COMMON   BANK0   BANK1   BANK3   BANK2
      Params:         0       6       0       0       0
      Locals:         0       3       0       0       0
      Temps:          0       4       0       0       0
      Totals:         0      13       0       0       0
Total ram usage:       13 bytes
 Hardware stack levels used:    1
 Hardware stack levels required when called:    3
 This function calls:
		___ftpack
 This function is called by:
		_getADCmm
 This function uses a non-reentrant model


 *************** function ___ftpack *****************
 Defined at:
		line 62 in file "C:\Program Files (x86)\Microchip\xc8\v1.34\sources\common\float.c"
 Parameters:    Size  Location     Type
  arg             3    0[BANK0 ] unsigned um
  exp             1    3[BANK0 ] unsigned char 
  sign            1    4[BANK0 ] unsigned char 
 Auto vars:     Size  Location     Type
		None
 Return value:  Size  Location     Type
                  3    0[BANK0 ] float 
 Registers used:
		wreg, status,2, status,0
 Tracked objects:
		On entry : 
		On exit  : 
		Unchanged: 
 Data sizes:     COMMON   BANK0   BANK1   BANK3   BANK2
      Params:         0       5       0       0       0
      Locals:         0       0       0       0       0
      Temps:          0       3       0       0       0
      Totals:         0       8       0       0       0
Total ram usage:        8 bytes
 Hardware stack levels used:    1
 Hardware stack levels required when called:    2
 This function calls:
		Nothing
 This function is called by:
		___ftadd
		___ftdiv
		___ftmul
		___lwtoft
 This function uses a non-reentrant model


 *************** function _buttListener *****************
 Defined at:
		line 19 in file "buttListener.c"
 Parameters:    Size  Location     Type
		None
 Auto vars:     Size  Location     Type
		None
 Return value:  Size  Location     Type
		None               void
 Registers used:
		wreg, status,2, status,0, btemp+1, pclath, cstack
 Tracked objects:
		On entry : 
		On exit  : 
		Unchanged: 
 Data sizes:     COMMON   BANK0   BANK1   BANK3   BANK2
      Params:         0       0       0       0       0
      Locals:         0       0       0       0       0
      Temps:          0       0       0       0       0
      Totals:         0       0       0       0       0
Total ram usage:        0 bytes
 Hardware stack levels used:    1
 Hardware stack levels required when called:    5
 This function calls:
		_ccwMovStepMotor
		_cwMovStepMotor
 This function is called by:
		_main
 This function uses a non-reentrant model


 *************** function _cwMovStepMotor *****************
 Defined at:
		line 57 in file "Stepper.c"
 Parameters:    Size  Location     Type
  numberOfStep    2    4[BANK1 ] int 
 Auto vars:     Size  Location     Type
  i               2    8[BANK1 ] volatile int 
 Return value:  Size  Location     Type
		None               void
 Registers used:
		wreg, status,2, status,0, btemp+1, pclath, cstack
 Tracked objects:
		On entry : 
		On exit  : 
		Unchanged: 
 Data sizes:     COMMON   BANK0   BANK1   BANK3   BANK2
      Params:         0       0       2       0       0
      Locals:         0       0       2       0       0
      Temps:          0       0       2       0       0
      Totals:         0       0       6       0       0
Total ram usage:        6 bytes
 Hardware stack levels used:    1
 Hardware stack levels required when called:    4
 This function calls:
		_lcdSetCursor
		_lcdWrite4DigitBcd
 This function is called by:
		_initStepMotor
		_buttListener
 This function uses a non-reentrant model


 *************** function _ccwMovStepMotor *****************
 Defined at:
		line 13 in file "Stepper.c"
 Parameters:    Size  Location     Type
  numberOfStep    2    4[BANK1 ] int 
 Auto vars:     Size  Location     Type
  i               2    8[BANK1 ] volatile int 
 Return value:  Size  Location     Type
		None               void
 Registers used:
		wreg, status,2, status,0, btemp+1, pclath, cstack
 Tracked objects:
		On entry : 
		On exit  : 
		Unchanged: 
 Data sizes:     COMMON   BANK0   BANK1   BANK3   BANK2
      Params:         0       0       2       0       0
      Locals:         0       0       2       0       0
      Temps:          0       0       2       0       0
      Totals:         0       0       6       0       0
Total ram usage:        6 bytes
 Hardware stack levels used:    1
 Hardware stack levels required when called:    4
 This function calls:
		_lcdSetCursor
		_lcdWrite4DigitBcd
 This function is called by:
		_initStepMotor
		_buttListener
 This function uses a non-reentrant model


 *************** function _lcdWrite4DigitBcd *****************
 Defined at:
		line 44 in file "lcd.c"
 Parameters:    Size  Location     Type
  decimal         2   77[BANK0 ] int 
  sign            1   79[BANK0 ] unsigned char 
 Auto vars:     Size  Location     Type
  newdecimal      2    2[BANK1 ] int 
 Return value:  Size  Location     Type
		None               void
 Registers used:
		wreg, status,2, status,0, btemp+1, pclath, cstack
 Tracked objects:
		On entry : 
		On exit  : 
		Unchanged: 
 Data sizes:     COMMON   BANK0   BANK1   BANK3   BANK2
      Params:         0       3       0       0       0
      Locals:         0       0       2       0       0
      Temps:          0       0       2       0       0
      Totals:         0       3       4       0       0
Total ram usage:        7 bytes
 Hardware stack levels used:    1
 Hardware stack levels required when called:    3
 This function calls:
		_lcd_WriteData
 This function is called by:
		_ccwMovStepMotor
		_cwMovStepMotor
		_idle
 This function uses a non-reentrant model


 *************** function _lcd_WriteData *****************
 Defined at:
		line 29 in file "lcd.c"
 Parameters:    Size  Location     Type
  databyte        1    wreg     unsigned char 
 Auto vars:     Size  Location     Type
  databyte        1    2[BANK0 ] unsigned char 
 Return value:  Size  Location     Type
		None               void
 Registers used:
		wreg
 Tracked objects:
		On entry : 
		On exit  : 
		Unchanged: 
 Data sizes:     COMMON   BANK0   BANK1   BANK3   BANK2
      Params:         0       0       0       0       0
      Locals:         0       1       0       0       0
      Temps:          0       2       0       0       0
      Totals:         0       3       0       0       0
Total ram usage:        3 bytes
 Hardware stack levels used:    1
 Hardware stack levels required when called:    2
 This function calls:
		Nothing
 This function is called by:
		_lcdWrite4DigitBcd
		_idle
 This function uses a non-reentrant model


 *************** function _lcdSetCursor *****************
 Defined at:
		line 39 in file "lcd.c"
 Parameters:    Size  Location     Type
  address         1    wreg     unsigned char 
 Auto vars:     Size  Location     Type
  address         1    3[BANK0 ] unsigned char 
 Return value:  Size  Location     Type
		None               void
 Registers used:
		wreg, status,2, status,0, pclath, cstack
 Tracked objects:
		On entry : 
		On exit  : 
		Unchanged: 
 Data sizes:     COMMON   BANK0   BANK1   BANK3   BANK2
      Params:         0       0       0       0       0
      Locals:         0       1       0       0       0
      Temps:          0       0       0       0       0
      Totals:         0       1       0       0       0
Total ram usage:        1 bytes
 Hardware stack levels used:    1
 Hardware stack levels required when called:    3
 This function calls:
		_lcdWriteControl
 This function is called by:
		_ccwMovStepMotor
		_cwMovStepMotor
		_idle
 This function uses a non-reentrant model


 *************** function _lcdWriteControl *****************
 Defined at:
		line 18 in file "lcd.c"
 Parameters:    Size  Location     Type
  databyte        1    wreg     unsigned char 
 Auto vars:     Size  Location     Type
  databyte        1    2[BANK0 ] unsigned char 
 Return value:  Size  Location     Type
		None               void
 Registers used:
		wreg
 Tracked objects:
		On entry : 
		On exit  : 
		Unchanged: 
 Data sizes:     COMMON   BANK0   BANK1   BANK3   BANK2
      Params:         0       0       0       0       0
      Locals:         0       1       0       0       0
      Temps:          0       2       0       0       0
      Totals:         0       3       0       0       0
Total ram usage:        3 bytes
 Hardware stack levels used:    1
 Hardware stack levels required when called:    2
 This function calls:
		Nothing
 This function is called by:
		_lcdSetCursor
		_setupLCD
 This function uses a non-reentrant model


 *************** function _isr *****************
 Defined at:
		line 9 in file "interrupt.c"
 Parameters:    Size  Location     Type
		None
 Auto vars:     Size  Location     Type
		None
 Return value:  Size  Location     Type
		None               void
 Registers used:
		wreg, status,2, status,0, pclath, cstack
 Tracked objects:
		On entry : 
		On exit  : 
		Unchanged: 
 Data sizes:     COMMON   BANK0   BANK1   BANK3   BANK2
      Params:         0       0       0       0       0
      Locals:         0       0       0       0       0
      Temps:          4       0       0       0       0
      Totals:         4       0       0       0       0
Total ram usage:        4 bytes
 Hardware stack levels used:    1
 Hardware stack levels required when called:    1
 This function calls:
		___lwmod
		_pressbutton1
		_pressbutton2
		_pressbutton3
		_pressbutton5
 This function is called by:
		Interrupt level 1
 This function uses a non-reentrant model


 *************** function _pressbutton5 *****************
 Defined at:
		line 57 in file "debounce.c"
 Parameters:    Size  Location     Type
		None
 Auto vars:     Size  Location     Type
		None
 Return value:  Size  Location     Type
		None               void
 Registers used:
		wreg, status,2, status,0
 Tracked objects:
		On entry : 
		On exit  : 
		Unchanged: 
 Data sizes:     COMMON   BANK0   BANK1   BANK3   BANK2
      Params:         0       0       0       0       0
      Locals:         0       0       0       0       0
      Temps:          1       0       0       0       0
      Totals:         1       0       0       0       0
Total ram usage:        1 bytes
 Hardware stack levels used:    1
 This function calls:
		Nothing
 This function is called by:
		_isr
 This function uses a non-reentrant model


 *************** function _pressbutton3 *****************
 Defined at:
		line 44 in file "debounce.c"
 Parameters:    Size  Location     Type
		None
 Auto vars:     Size  Location     Type
		None
 Return value:  Size  Location     Type
		None               void
 Registers used:
		wreg, status,2, status,0
 Tracked objects:
		On entry : 
		On exit  : 
		Unchanged: 
 Data sizes:     COMMON   BANK0   BANK1   BANK3   BANK2
      Params:         0       0       0       0       0
      Locals:         0       0       0       0       0
      Temps:          1       0       0       0       0
      Totals:         1       0       0       0       0
Total ram usage:        1 bytes
 Hardware stack levels used:    1
 This function calls:
		Nothing
 This function is called by:
		_isr
 This function uses a non-reentrant model


 *************** function _pressbutton2 *****************
 Defined at:
		line 31 in file "debounce.c"
 Parameters:    Size  Location     Type
		None
 Auto vars:     Size  Location     Type
		None
 Return value:  Size  Location     Type
		None               void
 Registers used:
		wreg, status,2, status,0
 Tracked objects:
		On entry : 
		On exit  : 
		Unchanged: 
 Data sizes:     COMMON   BANK0   BANK1   BANK3   BANK2
      Params:         0       0       0       0       0
      Locals:         0       0       0       0       0
      Temps:          1       0       0       0       0
      Totals:         1       0       0       0       0
Total ram usage:        1 bytes
 Hardware stack levels used:    1
 This function calls:
		Nothing
 This function is called by:
		_isr
 This function uses a non-reentrant model


 *************** function _pressbutton1 *****************
 Defined at:
		line 18 in file "debounce.c"
 Parameters:    Size  Location     Type
		None
 Auto vars:     Size  Location     Type
		None
 Return value:  Size  Location     Type
		None               void
 Registers used:
		wreg, status,2, status,0
 Tracked objects:
		On entry : 
		On exit  : 
		Unchanged: 
 Data sizes:     COMMON   BANK0   BANK1   BANK3   BANK2
      Params:         0       0       0       0       0
      Locals:         0       0       0       0       0
      Temps:          1       0       0       0       0
      Totals:         1       0       0       0       0
Total ram usage:        1 bytes
 Hardware stack levels used:    1
 This function calls:
		Nothing
 This function is called by:
		_isr
 This function uses a non-reentrant model


 *************** function ___lwmod *****************
 Defined at:
		line 6 in file "C:\Program Files (x86)\Microchip\xc8\v1.34\sources\common\lwmod.c"
 Parameters:    Size  Location     Type
  divisor         2    0[COMMON] unsigned int 
  dividend        2    2[COMMON] unsigned int 
 Auto vars:     Size  Location     Type
  counter         1    5[COMMON] unsigned char 
 Return value:  Size  Location     Type
                  2    0[COMMON] unsigned int 
 Registers used:
		wreg, status,2, status,0
 Tracked objects:
		On entry : 
		On exit  : 
		Unchanged: 
 Data sizes:     COMMON   BANK0   BANK1   BANK3   BANK2
      Params:         4       0       0       0       0
      Locals:         1       0       0       0       0
      Temps:          1       0       0       0       0
      Totals:         6       0       0       0       0
Total ram usage:        6 bytes
 Hardware stack levels used:    1
 This function calls:
		Nothing
 This function is called by:
		_isr
 This function uses a non-reentrant model



MODULE INFORMATION

Module		Function		Class		Link	Load	Size
C:\Program Files (x86)\Microchip\xc8\v1.34\sources\common\float.c
		___ftpack      		CODE           	0781	0000	111

C:\Program Files (x86)\Microchip\xc8\v1.34\sources\common\float.c estimated size: 111

C:\Program Files (x86)\Microchip\xc8\v1.34\sources\common\lwmod.c
		___lwmod       		CODE           	0E1B	0000	51

C:\Program Files (x86)\Microchip\xc8\v1.34\sources\common\lwmod.c estimated size: 51

Stepper.c
		_ccwMovStepMoto		CODE           	0640	0000	167
		_cwMovStepMotor		CODE           	06E6	0000	156
		_initStepMotor 		CODE           	0DA1	0000	25

Stepper.c estimated size: 348

adc.c
		_getADCmm      		CODE           	0024	0000	487
		_getADC        		CODE           	0E4D	0000	59
		_setupADC      		CODE           	0D43	0000	23

adc.c estimated size: 569

idle.c
		_idle          		CODE           	0F14	0000	95

idle.c estimated size: 95

C:\Program Files (x86)\Microchip\xc8\v1.34\sources\common\ftmul.c
		___ftmul       		CODE           	04B5	0000	212

C:\Program Files (x86)\Microchip\xc8\v1.34\sources\common\ftmul.c estimated size: 212

interrupt.c
		_isr           		CODE           	0ECC	0000	73

interrupt.c estimated size: 73

Main.c
		_main          		CODE           	0D2E	0000	22

Main.c estimated size: 22

C:\Program Files (x86)\Microchip\xc8\v1.34\sources\common\lwtoft.c
		___lwtoft      		CODE           	0D89	0000	25

C:\Program Files (x86)\Microchip\xc8\v1.34\sources\common\lwtoft.c estimated size: 25

C:\Program Files (x86)\Microchip\xc8\v1.34\sources\common\ftdiv.c
		___ftdiv       		CODE           	0588	0000	185

C:\Program Files (x86)\Microchip\xc8\v1.34\sources\common\ftdiv.c estimated size: 185

shared
		__initializatio		CODE           	0015	0000	12

shared estimated size: 12

buttListener.c
		_buttListener  		CODE           	0E87	0000	70

buttListener.c estimated size: 70

lcd.c
		_setupLCD      		CODE           	0DF4	0000	40
		_lcdSetCursor  		CODE           	07EF	0000	10
		_lcdWriteContro		CODE           	0D1A	0000	21
		_lcd_WriteData 		CODE           	0CDF	0000	20
		_lcdWrite4Digit		CODE           	020A	0000	419

lcd.c estimated size: 510

C:\Program Files (x86)\Microchip\xc8\v1.34\sources\common\fttol.c
		___fttol       		CODE           	0F72	0000	143

C:\Program Files (x86)\Microchip\xc8\v1.34\sources\common\fttol.c estimated size: 143

debounce.c
		_pressbutton1  		CODE           	0CF2	0000	21
		_pressbutton2  		CODE           	0D06	0000	21
		_pressbutton3  		CODE           	0D59	0000	25
		_pressbutton5  		CODE           	0D71	0000	25

debounce.c estimated size: 92

init.c
		_init          		CODE           	0DB9	0000	25

init.c estimated size: 25

C:\Program Files (x86)\Microchip\xc8\v1.34\sources\common\Umul16.c
		___wmul        		CODE           	0DD1	0000	36

C:\Program Files (x86)\Microchip\xc8\v1.34\sources\common\Umul16.c estimated size: 36

C:\Program Files (x86)\Microchip\xc8\v1.34\sources\common\ftadd.c
		___ftadd       		CODE           	03AC	0000	266

C:\Program Files (x86)\Microchip\xc8\v1.34\sources\common\ftadd.c estimated size: 266

